/home/iit-rain/panda_ws/src/panda_trajectory/install/panda_trajectory/lib/python3.12/site-packages/panda_trajectory/PandaCmdSub.py
/home/iit-rain/panda_ws/src/panda_trajectory/install/panda_trajectory/lib/python3.12/site-packages/panda_trajectory/PandaTrajectory.py
/home/iit-rain/panda_ws/src/panda_trajectory/install/panda_trajectory/lib/python3.12/site-packages/panda_trajectory/PandaTrap.py
/home/iit-rain/panda_ws/src/panda_trajectory/install/panda_trajectory/lib/python3.12/site-packages/panda_trajectory/__init__.py
/home/iit-rain/panda_ws/src/panda_trajectory/install/panda_trajectory/lib/python3.12/site-packages/app/run_PandaTrap.py
/home/iit-rain/panda_ws/src/panda_trajectory/install/panda_trajectory/lib/python3.12/site-packages/app/__init__.py
/home/iit-rain/panda_ws/src/panda_trajectory/install/panda_trajectory/lib/python3.12/site-packages/app/run_PandaCmdSub.py
/home/iit-rain/panda_ws/src/panda_trajectory/install/panda_trajectory/lib/python3.12/site-packages/app/run_PandaTrajectory.py
/home/iit-rain/panda_ws/src/panda_trajectory/install/panda_trajectory/lib/python3.12/site-packages/panda_trajectory/__pycache__/PandaCmdSub.cpython-312.pyc
/home/iit-rain/panda_ws/src/panda_trajectory/install/panda_trajectory/lib/python3.12/site-packages/panda_trajectory/__pycache__/PandaTrajectory.cpython-312.pyc
/home/iit-rain/panda_ws/src/panda_trajectory/install/panda_trajectory/lib/python3.12/site-packages/panda_trajectory/__pycache__/PandaTrap.cpython-312.pyc
/home/iit-rain/panda_ws/src/panda_trajectory/install/panda_trajectory/lib/python3.12/site-packages/panda_trajectory/__pycache__/__init__.cpython-312.pyc
/home/iit-rain/panda_ws/src/panda_trajectory/install/panda_trajectory/lib/python3.12/site-packages/app/__pycache__/run_PandaTrap.cpython-312.pyc
/home/iit-rain/panda_ws/src/panda_trajectory/install/panda_trajectory/lib/python3.12/site-packages/app/__pycache__/__init__.cpython-312.pyc
/home/iit-rain/panda_ws/src/panda_trajectory/install/panda_trajectory/lib/python3.12/site-packages/app/__pycache__/run_PandaCmdSub.cpython-312.pyc
/home/iit-rain/panda_ws/src/panda_trajectory/install/panda_trajectory/lib/python3.12/site-packages/app/__pycache__/run_PandaTrajectory.cpython-312.pyc
/home/iit-rain/panda_ws/src/panda_trajectory/install/panda_trajectory/share/ament_index/resource_index/packages/panda_trajectory
/home/iit-rain/panda_ws/src/panda_trajectory/install/panda_trajectory/share/panda_trajectory/package.xml
/home/iit-rain/panda_ws/src/panda_trajectory/install/panda_trajectory/share/panda_trajectory/launch/launch_PandaCmdSub.py
/home/iit-rain/panda_ws/src/panda_trajectory/install/panda_trajectory/share/panda_trajectory/launch/launch_PandaTrajectoryNode.py
/home/iit-rain/panda_ws/src/panda_trajectory/install/panda_trajectory/lib/python3.12/site-packages/panda_trajectory-0.0.0-py3.12.egg-info/requires.txt
/home/iit-rain/panda_ws/src/panda_trajectory/install/panda_trajectory/lib/python3.12/site-packages/panda_trajectory-0.0.0-py3.12.egg-info/SOURCES.txt
/home/iit-rain/panda_ws/src/panda_trajectory/install/panda_trajectory/lib/python3.12/site-packages/panda_trajectory-0.0.0-py3.12.egg-info/dependency_links.txt
/home/iit-rain/panda_ws/src/panda_trajectory/install/panda_trajectory/lib/python3.12/site-packages/panda_trajectory-0.0.0-py3.12.egg-info/entry_points.txt
/home/iit-rain/panda_ws/src/panda_trajectory/install/panda_trajectory/lib/python3.12/site-packages/panda_trajectory-0.0.0-py3.12.egg-info/zip-safe
/home/iit-rain/panda_ws/src/panda_trajectory/install/panda_trajectory/lib/python3.12/site-packages/panda_trajectory-0.0.0-py3.12.egg-info/PKG-INFO
/home/iit-rain/panda_ws/src/panda_trajectory/install/panda_trajectory/lib/python3.12/site-packages/panda_trajectory-0.0.0-py3.12.egg-info/top_level.txt
/home/iit-rain/panda_ws/src/panda_trajectory/install/panda_trajectory/lib/panda_trajectory/PandaCmdSub
/home/iit-rain/panda_ws/src/panda_trajectory/install/panda_trajectory/lib/panda_trajectory/PandaTrajectoryNode
/home/iit-rain/panda_ws/src/panda_trajectory/install/panda_trajectory/lib/panda_trajectory/PandaTrapNode
/home/iit-rain/panda_ws/src/panda_trajectory/install/panda_trajectory/lib/panda_trajectory/test_PandaCmdSub
/home/iit-rain/panda_ws/src/panda_trajectory/install/panda_trajectory/lib/panda_trajectory/test_PandaTrajectoryNode
